[INFO] Scanning for projects...
[INFO] 
[INFO] ------------------------< com.evote:evote-web >-------------------------
[INFO] Building E-Vote System 1.0.3
[INFO]   from pom.xml
[INFO] --------------------------------[ jar ]---------------------------------
[INFO] 
[INFO] >>> spring-boot:3.2.5:run (default-cli) > test-compile @ evote-web >>>
[INFO] 
[INFO] --- resources:3.3.1:resources (default-resources) @ evote-web ---
[INFO] Copying 1 resource from src\main\resources to target\classes
[INFO] Copying 10 resources from src\main\resources to target\classes
[INFO] 
[INFO] --- compiler:3.11.0:compile (default-compile) @ evote-web ---
[INFO] Nothing to compile - all classes are up to date
[INFO] 
[INFO] --- resources:3.3.1:testResources (default-testResources) @ evote-web ---
[INFO] skip non existing resourceDirectory C:\Projects\evote\evote-web\src\test\resources
[INFO] 
[INFO] --- compiler:3.11.0:testCompile (default-testCompile) @ evote-web ---
[INFO] No sources to compile
[INFO] 
[INFO] <<< spring-boot:3.2.5:run (default-cli) < test-compile @ evote-web <<<
[INFO] 
[INFO] 
[INFO] --- spring-boot:3.2.5:run (default-cli) @ evote-web ---
[INFO] Attaching agents: []

  .   ____          _            __ _ _
 /\\ / ___'_ __ _ _(_)_ __  __ _ \ \ \ \
( ( )\___ | '_ | '_| | '_ \/ _` | \ \ \ \
 \\/  ___)| |_)| | | | | || (_| |  ) ) ) )
  '  |____| .__|_| |_|_| |_\__, | / / / /
 =========|_|==============|___/=/_/_/_/
 :: Spring Boot ::                (v3.2.5)

2026-05-05T04:36:21.610+08:00  INFO 15148 --- [           main] com.evote.EvoteApplication               : Starting EvoteApplication using Java 25.0.1 with PID 15148 (C:\Projects\evote\evote-web\target\classes started by Admin in C:\Projects\evote\evote-web)
2026-05-05T04:36:21.616+08:00 DEBUG 15148 --- [           main] com.evote.EvoteApplication               : Running with Spring Boot v3.2.5, Spring v6.1.6
2026-05-05T04:36:21.619+08:00  INFO 15148 --- [           main] com.evote.EvoteApplication               : No active profile set, falling back to 1 default profile: "default"
WARNING: A restricted method in java.lang.System has been called
WARNING: java.lang.System::load has been called by org.apache.tomcat.jni.Library in an unnamed module (file:/C:/Users/Admin/.m2/repository/org/apache/tomcat/embed/tomcat-embed-core/10.1.20/tomcat-embed-core-10.1.20.jar)
WARNING: Use --enable-native-access=ALL-UNNAMED to avoid a warning for callers in this module
WARNING: Restricted methods will be blocked in a future release unless native access is enabled

2026-05-05T04:36:24.751+08:00  INFO 15148 --- [           main] o.s.b.w.embedded.tomcat.TomcatWebServer  : Tomcat initialized with port 8080 (http)
2026-05-05T04:36:24.774+08:00  INFO 15148 --- [           main] o.apache.catalina.core.StandardService   : Starting service [Tomcat]
2026-05-05T04:36:24.775+08:00  INFO 15148 --- [           main] o.apache.catalina.core.StandardEngine    : Starting Servlet engine: [Apache Tomcat/10.1.20]
2026-05-05T04:36:24.970+08:00  INFO 15148 --- [           main] o.a.c.c.C.[Tomcat].[localhost].[/]       : Initializing Spring embedded WebApplicationContext
2026-05-05T04:36:24.975+08:00  INFO 15148 --- [           main] w.s.c.ServletWebServerApplicationContext : Root WebApplicationContext: initialization completed in 3270 ms
2026-05-05T04:36:25.238+08:00  INFO 15148 --- [           main] com.zaxxer.hikari.HikariDataSource       : HikariPool-1 - Starting...
2026-05-05T04:36:28.896+08:00  INFO 15148 --- [           main] com.zaxxer.hikari.pool.HikariPool        : HikariPool-1 - Added connection com.mysql.cj.jdbc.ConnectionImpl@29ebbdf4
2026-05-05T04:36:28.907+08:00  INFO 15148 --- [           main] com.zaxxer.hikari.HikariDataSource       : HikariPool-1 - Start completed.
2026-05-05T04:36:33.408+08:00  WARN 15148 --- [           main] .s.s.UserDetailsServiceAutoConfiguration : 

Using generated security password: 8e179d66-3da4-47e2-a582-dec81b481c5f

This generated password is for development use only. Your security configuration must be updated before running your application in production.

2026-05-05T04:36:33.872+08:00  INFO 15148 --- [           main] o.s.s.web.DefaultSecurityFilterChain     : Will secure any request with [org.springframework.security.web.session.DisableEncodeUrlFilter@4776e209, org.springframework.security.web.context.request.async.WebAsyncManagerIntegrationFilter@265a094b, org.springframework.security.web.context.SecurityContextHolderFilter@26582ca, org.springframework.security.web.header.HeaderWriterFilter@27960b1e, org.springframework.web.filter.CorsFilter@1f536481, org.springframework.security.web.authentication.logout.LogoutFilter@773c2214, org.springframework.security.web.savedrequest.RequestCacheAwareFilter@2c3158e0, org.springframework.security.web.servletapi.SecurityContextHolderAwareRequestFilter@412ebe64, org.springframework.security.web.authentication.AnonymousAuthenticationFilter@5234b61a, org.springframework.security.web.access.ExceptionTranslationFilter@1f78d415, org.springframework.security.web.access.intercept.AuthorizationFilter@28393e82]
2026-05-05T04:36:34.230+08:00  WARN 15148 --- [           main] ConfigServletWebServerApplicationContext : Exception encountered during context initialization - cancelling refresh attempt: org.springframework.context.ApplicationContextException: Failed to start bean 'webServerStartStop'
2026-05-05T04:36:34.237+08:00  INFO 15148 --- [           main] com.zaxxer.hikari.HikariDataSource       : HikariPool-1 - Shutdown initiated...
2026-05-05T04:36:34.248+08:00  INFO 15148 --- [           main] com.zaxxer.hikari.HikariDataSource       : HikariPool-1 - Shutdown completed.
2026-05-05T04:36:34.269+08:00  INFO 15148 --- [           main] .s.b.a.l.ConditionEvaluationReportLogger : 

Error starting ApplicationContext. To display the condition evaluation report re-run your application with 'debug' enabled.
2026-05-05T04:36:34.307+08:00 ERROR 15148 --- [           main] o.s.b.d.LoggingFailureAnalysisReporter   : 

***************************
APPLICATION FAILED TO START
***************************

Description:

Web server failed to start. Port 8080 was already in use.

Action:

Identify and stop the process that's listening on port 8080 or configure this application to listen on another port.

